1) ip addr-- show	List IP addresses and network interfaces.

ip address add [IP_address]	Assign an IP address to interface eth0.

root@tom:~/a# whatis ip
ip (7)               - Linux IPv4 protocol implementation
ip (8)        1       - show / manipulate routing, network devices, interfaces and tunnels

root@tom:~/a# ip addr
1: lo: <LOOPBACK,UP,LOWER_UP> mtu xxxx qdisc noqueue state UNKNOWN group default qlen 1000
    link/loopback 00:00:00:00:00:00 brd 00:00:00:00:00:00
    inet xxxxx.0.0.1/8 scope host lo
       valid_lft forever preferred_lft forever
    inet6 ::1/xxxx scope host
       valid_lft forever preferred_lft forever
2: eth0: <BROADCAST,MULTICAST,UP,LOWER_UP> mtu 1400 qdisc mq state UP group default qlen 1000
    link/ether 00:15:5d:07:f4:1b brd ff:ff:ff:ff:ff:ff
    inet xxxxxxxxxx brd 172.17.159.255 scope global eth0
       valid_lft forever preferred_lft forever
    inet6 fe80::215xxxxxxxxxx:f41b/64 scope link
       valid_lft forever preferred_lft forever


2) ifconfig-- 	Display IP addresses of all network interfaces.

ifconfig is a command-line tool used in Linux and other Unix-like operating systems to configure and display information about network interfaces on your system. 
It stands for interface configuration.

bob@tom:~$ ifconfig
Command 'ifconfig' not found, but can be installed with:
sudo apt install net-tools

bob@tom:~$ sudo apt-get install ifconfig
Reading package lists... Done
Building dependency tree... Done
Reading state information... Done
E: Unable to locate package ifconfig

bob@tom:~$ ip address
1: lo: <LOOPBACK,UP,LOWER_UP> mtu 65536 qdisc noqueue state UNKNOWN group default qlen 1000
    link/loopback 00:00:00:00:00:00 brd 00xxxxxxxxxxx00:00
    inet xxxxxxxxxxxxxx/8 scope host lo
       valid_lft forever preferred_lft forever
    inet6 ::1/128 scope host
       valid_lft forever preferred_lft forever
2: eth0: <BROADCAST,MULTICAST,UP,LOWER_UP> mtu 1500 qdisc mq state UP group default qlen 1000
    link/etherxxxxxxxxxxxxxxxx brd ff:ff:ff:ff:ff:ff
    inet xxxxxxxxxxxxxxxxxxx brd 1xxxxxxxxxxxxxxxxxxxx55 scope global eth0
       valid_lft forever preferred_lft forever
    inet6 fe80::xxxxxxxxxxxxxx:7354/64 scope link
       valid_lft forever preferred_lft forever
	   

3) ping [remote_host]-- 	Ping remote host.

send ICMP ECHO_REQUEST to network hosts.(out internet working or not)
-ICMP ECHO_REQUEST: Internet control message protocol
--Used to test the network layer of destination

root@tom:~# ping tom
PING tom. (127.0.1.1) 56(84) bytes of data.
64 bytes from tom. (127.0.1.1): icmp_seq=1 ttl=64 time=18.3 ms
64 bytes from tom. (127.0.1.1): icmp_seq=2 ttl=64 time=0.026 ms
64 bytes from tom. (127.0.1.1): icmp_seq=3 ttl=64 time=0.025 ms
64 bytes from tom. (127.0.1.1): icmp_seq=4 ttl=64 time=0.025 ms
64 bytes from tom. (127.0.1.1): icmp_seq=5 ttl=64 time=0.025 ms
64 bytes from tom. (127.0.1.1): icmp_seq=6 ttl=64 time=0.028 ms
64 bytes from tom. (127.0.1.1): icmp_seq=7 ttl=64 time=0.034 ms


4) netstat -pnltu	-- See active (listening) ports with the netstat command.
netstat -tuln	Show TCP and UDP ports and their programs.

-- netstat (network purpose)
shows connections available in system


5) whois [domain_name]	Display more information about a domain.

-- tells us domain name and domain status

root@tom:~/a# whois google.com
   Domain Name: GOOGLE.COM
   Registry Domain ID: 2xxxxxxxxxxxxx4_DOMAIN_COM-VRSN
   Registrar WHOIS Server: whois.markmonitor.com
   Registrar URL: http://www.markmonitor.com
   Updated Date: 2019-09-09T15:39:04Z
   Creation Date: 1997-09-15T04:00:00Z
   Registry Expiry Date: 24:00:0xxxxxxxxxxxxxxx
   Registrar IANA ID: xxxxxxxxx
   Registrar Abuse Contact Email: xxxxxxxxxxxxxxxxxxx@markmonitor.com
   Registrar Abuse Contact Phone: +1.xxxxxxxxxxxxxx



6) dig [domain_name]	Show DNS information about a domain using the dig command.
dig -x [domain_name]	Do a reverse DNS lookup on the domain.
dig -x [IP_address]	Do a reverse DNS lookup of an IP address.


7) host [domain_name]	-- Perform an IP lookup for a domain.

root@tom:~/a# whatis host
host (1)             - DNS lookup utility
A DNS lookup, or DNS record lookup, is the process through which human-readable domain names (www.digicert.com) are translated into a computer-readable IP address (216.168. 246.55).

root@tom:~/a# host gmail.com
gmail.com has address 142.250.193.197
gmail.com has IPv6 address 2xxxxxxxxxxxxxxxxxxxxxxxxxxxx
gmail.com mail is handled by xxxxx.gmail-smtp-in.l.google.com.
gmail.com mail is handled by 5 gmail-smtp-in.l.google.com.
gmail.com mail is handled byxxxxxxxxxxil-smtp-in.l.google.com.
gmail.com mail is handled by 10 alt1.gmail-xxxxxxxin.l.google.com.
gmail.com mail is handled by 30 alt3.gmail-sxxxxn.l.google.com.


8) hostname -I	-- Show the local IP address.

root@tom:~# hostname -I
17xxxxxxxxxxxxx

Hostname:
to change the hostname:
hostnamectl - set-hostname newhostname

9) nslookup [domain_name]	Receive information about an internet domain.

root@tom:~/a# whatis nslookup
nslookup (1)         - query Internet name servers interactively

root@tom:~/a# nslookup google.com
Server:         172.17.144.1
Address:        172.17.144.1#53

Non-authoritative answer:
Name:   google.com
Address: 172.217.27.174
Name:   google.com
Address: 2404:6800:4002:80e::200e

root@tom:~/a# nslookup -type=a google.com
Server:         172.17.144.1
Address:        172.17.144.1#53

Non-authoritative answer:
Name:   google.com
Address: 172.217.27.174
