1) soft link: Files that point to a file or directory in your system, but dont mirror the other files data

system@tom:~$ cat soft1
cat: soft1: No such file or directory
system@tom:~$ cat >soft1
one
two
three
^C
system@tom:~$ cat soft1
one
two
three

system@tom:~$ ln -s soft1 softlink
system@tom:~$ cat softlink
one
two
three

system@tom:~$ rm soft1

system@tom:~$ cat softlink
cat: softlink: No such file or directory


>>Hard link: acts as acopy(mirrored) of the selected data.

system@tom:~$ cat>hard
one
two
three
^C
system@tom:~$ ln hard hardlink
system@tom:~$ cat hardlink
one
two
three

system@tom:~$ rm hard

system@tom:~$ cat hardlink
one
two
three
 
2) cut: The cut command is a command-line utility that allows you to cut out sections 
of a specified file or piped data and print the result to standard output. 
(here -d =deliminator)
ex:

system@tom:~$ cat>aaa
terraform aws linux
c c++ java
python unix cloud
^C

system@tom:~$ cut -d " " -f 1,3 aaa
terraform linux
c java
python cloud

3) sort: The sort command is a tool for sorting file contents and printing the result in standard output.

ex:

system@tom:~$ cat aaa
5
1
2
3
8
9
6
system@tom:~$ sort aaa
1
2
3
5
6
8
9

system@tom:~$ cat>bbb
3
1
2
49
5
67
7
4
^C
system@tom:~$ sort bbb
1
2
3
4
49
5
67
7
system@tom:~$ sort -n bbb (-n=numerical)
1
2
3
4
5
7
49
67
system@tom:~$ sort -nr bbb (r=reverse)
67
49
7
5
4
3
2
1
system@tom:~$

4) piping (|) : want to display one line particularly

5) Ping: send ICMP ECHO_REQUEST to network hosts.(out internet working or not)
-ICMP ECHO_REQUEST: Internet control message protocol
--Used to test the network layer of destination

6) Traceroute: Traceroute is a network diagnostic tool used to track in real-time the pathway taken by a packet on an IP network from source to destination.
--upto 30 intervels it will check.
--* indicates we are not getting any response.
 Traceroute google.com
traceroute to google.com (172.xxxxxxxxxxxx6), 30 hops max, 60 byte packets
 1  tom.mshome.net (17xxxxxxxxx0.440 ms  0.391 ms  0.380 ms
 2  19xxxxxxxxxxx5 (192.168.66.25)  59.444 ms  59.437 ms  59.336 ms
 3  * * *
 4  * * *
 5  * * *
 6  * * *
 7  * * *
 8  * * *
 9  * * *
10  * * *
11  * * *
12  * * *
13  * * *
14  * * *
15  * * *
16  * * *
17  * * *
18  * * *
19  * * *
20  * * *
21  * * *
22  * * *
23  * * *
24  * * *
25  * * *
26  * * *
27  * * *
28  * * *
29  * * *
30  * * *

7) mtr:  a network diagnostic tool.
--combination of two commands ping and traceroute.

mtr facebook.com
                                                                         My traceroute  [v0.95]
tom (xxxxxxxxxxxx3) -> facebook.com (xxxxxxxxxx35)                                                                                           2023-09-2xxxxxxxxxxxx0
Keys:  Help   Display mode   Restart statistics   Order of fields   quit
    Packets   

8) sed:
note if we dont use -i then it will disply the o/p in screen but actual o/p cant change.
ex:
bob@LAPTOP-1BR3SJJG:~/file1$ cat ss
kenny val
benny vall
bob@LAPTOP-1BR3SJJG:~/file1$ sed -i 's/kenny/lenny/g' ss
bob@LAPTOP-1BR3SJJG:~/file1$ cat ss
lenny val
benny vall

note: -i = insert
g= global
s= substitute

>completely remove then we use 

bob@LAPTOP-1BR3SJJG:~/file1$ cat sss
ball doll
cat bat
toy boy
toll doll
bob@LAPTOP-1BR3SJJG:~/file1$ sed -i 's/doll//g' sss
bob@LAPTOP-1BR3SJJG:~/file1$ cat sss
ball
cat bat
toy boy
toll

to delete lines:
bob@LAPTOP-1BR3SJJG:~/file1$ cat sss
ball
cat bat
toy boy
toll
call bat
bob@LAPTOP-1BR3SJJG:~/file1$ sed -i '/bat/d' sss
bob@LAPTOP-1BR3SJJG:~/file1$ cat sss
ball
toy boy
toll.



9) Emacs
● Emacs is Powerful editor.
● Some people prefer vi, other emacs.
● Either are great editors.
● Use what feels comfortable to you.

emacs [file] Edit file.
C-<char> Ctrl while pressing <char>.
M-<char> "Meta" key (alt key) while
pressing <char>.
M-<char> Esc, then type <char>

Emacs Commands
C-h Help
C-x C-c Exit
C-x C-s Save the file
C-h t Built-in tutorial
C-h k <key> Describe key

Emacs Navigation
C-p Previous line.
C-n Next line.
C-b Backward one character.
C-f Forward one character.
M-f Forward one word.
M-b Backward one word.
C-a Go to the beginning of the line.
C-e Go to the end of the line.
M-< Go to the beginning of the file.
M-> Go to the end of the file.

Emacs - Deleting Text
C-d Delete a character.
M-d Delete a word.

Emacs - Copying, Pasting, and Undo
C-k Kill (cut)
C-y Yank (paste)
C-x u Undo

Emacs - Searching
C-s Start a forward search.
C-r Start a reverse search.

Emacs - Repeating Commands
C-u N <command> Repeat <command>
N times.

Summary
● Emacs is more advanced than nano.
● Emacs is an alternative to vi.

C-h t Built-in tutorial

---
Emacs Reference
Movement
C-n Next line
C-p Previous line
C-f Move cursor forward one character
C-b Move cursor backward one character
M-f Forward one word
M-b Backward one word
C-a Move to beginning of line
C-e Move to end of line
M-a Move back to beginning of the sentence
M-e Move back to end of the sentence
M-< Go to the beginning of the file
M-> Go to the end of the file
M-g g N Go to line N
Searching
C-s Start a forward search.
C-r Start a reverse search.
Repeating Commands
C-u {num} {command} Repeat {command} {num} times

Deleting Text
C-d Delete a character
M-d Delete a word
Copy/Paste
C-k Kill (cut) the rest of the current line of text
C-y Yank (or paste) from the previously killed text
Undo
C-x u Undo.
Save and Quit
C-x C-s Save the file
C-x C-c Exit
Help
C-h Help
C-h t Tutorial
C-h k {key} Describe {key}

Find and Replace
M-% {old} {new} ! Substitute {new} for {old} in the entire document
Legend
M-x means “press and release the Escape key and then press the x key. “
C-x means “press and hold the Control key and then press and release the x key.”


